// Jest Snapshot v1, https://goo.gl/fbAQLP

exports[`Messages component should match snapshot 1`] = `
<div
  className="sc-ifAKCX bHMqJW"
>
  <div>
    <span>
      msg1
    </span>
  </div>
  <div>
    <span>
      msg2
    </span>
  </div>
  <div
    className="sc-bdVaJa UoSJW"
  >
    <form
      className="sc-bwzfXH uTxCW"
    >
      <input
        className="sc-htpNat jOwwja"
        type="text"
      />
      <button
        className="sc-bxivhb lbRlRl"
        type="submit"
      >
        Send
      </button>
    </form>
  </div>
</div>
`;
