// Jest Snapshot v1, https://goo.gl/fbAQLP

exports[`App 1`] = `
<div
  className="p-3 h-100 row"
>
  <div
    className="col-2 h-100 d-flex flex-column justify-content-start align-items-center"
  >
    <div
      className="list-group"
    >
      <a
        className="list-group-item active"
        href="#general"
        onClick={[Function]}
      >
        <span>
          general
        </span>
      </a>
      <a
        className="list-group-item"
        href="#random"
        onClick={[Function]}
      >
        <span>
          random
        </span>
      </a>
    </div>
  </div>
  <div
    className="p-3 col-10 h-100 d-flex flex-column justify-content-end align-items-stretch"
  >
    <div
      className=""
    >
      <div>
        user1
        : 
        <span>
          message1
        </span>
      </div>
      <div>
        user2
        : 
        <span>
          message2
        </span>
      </div>
    </div>
    <form
      onSubmit={[Function]}
    >
      <div
        className="form-row"
      >
        <div
          className="col-9"
        >
          <input
            className="form-control"
            name="text"
            onBlur={[Function]}
            onChange={[Function]}
            onDragStart={[Function]}
            onDrop={[Function]}
            onFocus={[Function]}
            required={true}
            type="text"
            value=""
          />
        </div>
        <div
          className="col-3"
        >
          <button
            className="btn btn-primary"
            disabled={false}
            type="submit"
          >
            Send
          </button>
        </div>
      </div>
    </form>
  </div>
</div>
`;
