// Jest Snapshot v1, https://goo.gl/fbAQLP

exports[`App 1`] = `
<div
  class="sc-gzVnrw kSwFRd"
>
  <div
    class="sc-bwzfXH jxfKnz"
  >
    <div
      class="sc-bdVaJa jWKkjw"
    >
      <a
        href="#general"
      >
        <span>
          general
        </span>
      </a>
    </div>
    <div
      class="sc-bdVaJa jWKkjw"
    >
      <a
        href="#random"
      >
        <span>
          random
        </span>
      </a>
    </div>
  </div>
  <div
    class="sc-bZQynM jWOpbX"
  >
    <div>
      <span>
        message1
      </span>
    </div>
    <div>
      <span>
        message2
      </span>
    </div>
    <div
      class="sc-htpNat daVAfG"
    >
      <form
        class="sc-bxivhb bUZGRr"
      >
        <input
          class="sc-ifAKCX jkqzbQ"
          type="text"
        />
        <button
          class="sc-EHOje dObCnd"
          type="submit"
        >
          Send
        </button>
      </form>
    </div>
  </div>
</div>
`;
