// Jest Snapshot v1, https://goo.gl/fbAQLP

exports[`App 1`] = `
<div
  class="p-3 h-100 row"
>
  <div
    class="col-2 h-100 d-flex flex-column justify-content-start align-items-center"
  >
    <div
      class="list-group"
    >
      <a
        class="list-group-item active"
        href="#general"
      >
        <span>
          general
        </span>
      </a>
      <a
        class="list-group-item"
        href="#random"
      >
        <span>
          random
        </span>
      </a>
    </div>
  </div>
  <div
    class="p-3 col-10 h-100 d-flex flex-column justify-content-end align-items-stretch"
  >
    <div
      class=""
    >
      <div>
        <span>
          message1
        </span>
      </div>
      <div>
        <span>
          message2
        </span>
      </div>
    </div>
    <form
      class=""
    >
      <div
        class="p-2 form-row d-flex flex-row justify-content-between"
      >
        <input
          class="col-8 form-control"
          type="text"
          value=""
        />
        <button
          class="col-3 btn btn-primary"
          type="submit"
        >
          Send
        </button>
      </div>
    </form>
  </div>
</div>
`;
