// Jest Snapshot v1, https://goo.gl/fbAQLP

exports[`ChannelsList component should match snapshot 1`] = `
<div
  className="sc-bwzfXH jxfKnz"
>
  <div
    className="sc-bdVaJa jWKkjw"
  >
    <a
      href="#general"
    >
      <span>
        general
      </span>
    </a>
  </div>
  <div
    className="sc-bdVaJa jWKkjw"
  >
    <a
      href="#random"
    >
      <span>
        random
      </span>
    </a>
  </div>
</div>
`;
